image/a2dp_low_latency_1mic/a2dp_low_latency_1mic.kap
image/a2dp_low_latency_2mic/a2dp_low_latency_2mic.kap
image/cvc_handsfree/cvc_handsfree.kap
image/cvc_handsfree_2mic/cvc_handsfree_2mic.kap
image/cvc_headset/cvc_headset.kap
image/cvc_headset_2mic/cvc_headset_2mic.kap
image/faststream_decoder/faststream_decoder.kap
image/headers/0.idx
image/headers/1.idx
image/headers/10.idx
image/headers/11.idx
image/headers/12.idx
image/headers/13.idx
image/headers/14.idx
image/headers/15.idx
image/headers/16.idx
image/headers/17.idx
image/headers/18.idx
image/headers/19.idx
image/headers/2.idx
image/headers/20.idx
image/headers/21.idx
image/headers/22.idx
image/headers/23.idx
image/headers/24.idx
image/headers/25.idx
image/headers/26.idx
image/headers/27.idx
image/headers/28.idx
image/headers/29.idx
image/headers/3.idx
image/headers/30.idx
image/headers/31.idx
image/headers/32.idx
image/headers/33.idx
image/headers/34.idx
image/headers/35.idx
image/headers/36.idx
image/headers/37.idx
image/headers/38.idx
image/headers/39.idx
image/headers/4.idx
image/headers/40.idx
image/headers/41.idx
image/headers/42.idx
image/headers/5.idx
image/headers/6.idx
image/headers/7.idx
image/headers/8.idx
image/headers/9.idx
image/prompts/0.prm
image/prompts/1.prm
image/prompts/10.prm
image/prompts/11.prm
image/prompts/12.prm
image/prompts/13.prm
image/prompts/14.prm
image/prompts/15.prm
image/prompts/16.prm
image/prompts/17.prm
image/prompts/18.prm
image/prompts/19.prm
image/prompts/2.prm
image/prompts/20.prm
image/prompts/21.prm
image/prompts/22.prm
image/prompts/23.prm
image/prompts/24.prm
image/prompts/25.prm
image/prompts/26.prm
image/prompts/27.prm
image/prompts/28.prm
image/prompts/29.prm
image/prompts/3.prm
image/prompts/30.prm
image/prompts/31.prm
image/prompts/32.prm
image/prompts/33.prm
image/prompts/34.prm
image/prompts/35.prm
image/prompts/36.prm
image/prompts/37.prm
image/prompts/38.prm
image/prompts/39.prm
image/prompts/4.prm
image/prompts/40.prm
image/prompts/41.prm
image/prompts/42.prm
image/prompts/5.prm
image/prompts/6.prm
image/prompts/7.prm
image/prompts/8.prm
image/prompts/9.prm
image/refname/0.txt
image/refname/1.txt
image/refname/10.txt
image/refname/11.txt
image/refname/12.txt
image/refname/13.txt
image/refname/14.txt
image/refname/15.txt
image/refname/16.txt
image/refname/17.txt
image/refname/18.txt
image/refname/19.txt
image/refname/2.txt
image/refname/20.txt
image/refname/21.txt
image/refname/22.txt
image/refname/23.txt
image/refname/24.txt
image/refname/25.txt
image/refname/26.txt
image/refname/27.txt
image/refname/28.txt
image/refname/29.txt
image/refname/3.txt
image/refname/30.txt
image/refname/31.txt
image/refname/32.txt
image/refname/33.txt
image/refname/34.txt
image/refname/35.txt
image/refname/36.txt
image/refname/37.txt
image/refname/38.txt
image/refname/39.txt
image/refname/4.txt
image/refname/40.txt
image/refname/41.txt
image/refname/42.txt
image/refname/5.txt
image/refname/6.txt
image/refname/7.txt
image/refname/8.txt
image/refname/9.txt
image/sbc_decoder/sbc_decoder.kap
image/vee_heartrate/vee_heartrate.kap
image/vm.app
